// Jest Snapshot v1, https://goo.gl/fbAQLP

exports[`Input should render 1`] = `
<div>
  <div
    class="
        input
        
        undefined
      "
  >
    <input
      class="
          input__element
        "
      type="text"
    />
    <div
      class="input__placeholder"
    />
  </div>
</div>
`;
